../Core/Src/Sensors/IMU/BMM350_IMU/BMM350.c:50:17:BMM350_init	32	static
../Core/Src/Sensors/IMU/BMM350_IMU/BMM350.c:145:7:BMM350_read_yaw	40	static
../Core/Src/Sensors/IMU/BMM350_IMU/BMM350.c:186:17:read_intr	32	static
../Core/Src/Sensors/IMU/BMM350_IMU/BMM350.c:218:17:check_device	24	static
../Core/Src/Sensors/IMU/BMM350_IMU/BMM350.c:248:17:BMM350_I2C_read	176	static
../Core/Src/Sensors/IMU/BMM350_IMU/BMM350.c:316:17:BMM350_I2C_write	48	static
../Core/Src/Sensors/IMU/BMM350_IMU/BMM350.c:362:17:bmm350_get_compensated_mag_xyz_temp_data	96	static
../Core/Src/Sensors/IMU/BMM350_IMU/BMM350.c:473:17:bmm350_set_powermode	32	static
../Core/Src/Sensors/IMU/BMM350_IMU/BMM350.c:522:17:bmm350_get_pmu_cmd_status	40	static
../Core/Src/Sensors/IMU/BMM350_IMU/BMM350.c:582:17:BMM350_init_struct	16	static
../Core/Src/Sensors/IMU/BMM350_IMU/BMM350.c:611:17:interrupt_config	32	static
../Core/Src/Sensors/IMU/BMM350_IMU/BMM350.c:662:17:bmm350_read_uncomp_mag_temp_data	56	static
../Core/Src/Sensors/IMU/BMM350_IMU/BMM350.c:735:17:read_out_raw_data	56	static
../Core/Src/Sensors/IMU/BMM350_IMU/BMM350.c:790:6:update_default_coefiecents	48	static
../Core/Src/Sensors/IMU/BMM350_IMU/BMM350.c:832:17:bmm350_odr_avg_config	32	static
../Core/Src/Sensors/IMU/BMM350_IMU/BMM350.c:894:17:bmm350_magnetic_reset_and_wait	40	static
../Core/Src/Sensors/IMU/BMM350_IMU/BMM350.c:985:17:set_powermode	72	static
../Core/Src/Sensors/IMU/BMM350_IMU/BMM350.c:1061:17:otp_dump_after_boot	24	static
../Core/Src/Sensors/IMU/BMM350_IMU/BMM350.c:1091:6:update_mag_off_sens	40	static
../Core/Src/Sensors/IMU/BMM350_IMU/BMM350.c:1165:17:read_otp_word	40	static
../Core/Src/Sensors/IMU/BMM350_IMU/BMM350.c:1225:17:null_ptr_check	24	static
../Core/Src/Sensors/IMU/BMM350_IMU/BMM350.c:1254:9:fix_sign	24	static
../Core/Src/Sensors/IMU/BMM350_IMU/BMM350.c:1309:17:OTP_E_handler	24	static
