../Drivers/CMSIS/Include/core_cm7.h:2156:34:__NVIC_SystemReset	4	static,ignoring_inline_asm
../Core/Inc/main.h:123:21:Ext_conv	16	static
../Core/Src/Drivers/myswerve/swerve_opt.h:121:23:readbit	16	static
../Core/Src/main.c:229:5:getSensorPointingTo	24	static
../Core/Src/main.c:239:6:alignToWorld	40	static
../Core/Src/main.c:285:6:ApplySteps	48	static
../Core/Src/main.c:521:5:main	472	static
../Core/Src/main.c:621:13:UART_SendString_IT_blocking_safe	24	static
../Core/Src/main.c:636:6:TIM7_IRQHandler	8	static
../Core/Src/main.c:645:6:MainTaskEntry	24	static
../Core/Src/main.c:829:6:SecondaryTask	24	static
../Core/Src/main.c:914:6:fivems_Task	56	static
../Core/Src/main.c:1002:6:spearHandler	8	static
../Core/Src/main.c:1082:6:CalculationTaskEntry	16	static
../Core/Src/main.c:1138:6:SerialTask	40	static
../Core/Src/main.c:1168:6:align1	24	static
../Core/Src/main.c:1187:6:align2	24	static
../Core/Src/main.c:1207:6:align3	24	static
../Core/Src/main.c:1224:6:align4	24	static
../Core/Src/main.c:1243:6:MC_Task	16	static
../Core/Src/main.c:1469:6:KFS_Task	24	static
../Core/Src/main.c:2034:6:Ext_Task	24	static
../Core/Src/main.c:2451:6:MF_Task	16	static
../Core/Src/main.c:2653:7:clamp	24	static
../Core/Src/main.c:2691:6:velramp	32	static
../Core/Src/main.c:2819:6:navi	24	static
../Core/Src/main.c:2923:6:Ext_WheelRun	8	static
../Core/Src/main.c:2929:6:encoderpos	32	static
../Core/Src/main.c:2961:6:swervepos	24	static
../Core/Src/main.c:3002:12:parse_float_strict	24	static
../Core/Src/main.c:3023:6:Parse3Floats	40	static
../Core/Src/main.c:3104:7:round_mf	24	static
../Core/Src/main.c:3118:6:Error_Handler	4	static
