../Core/Src/Sensors/Benewake/benewake_tf.c:98:13:TF_Init_UART	32	static
../Core/Src/Sensors/Benewake/benewake_tf.c:120:13:TF_Init_I2C	24	static
../Core/Src/Sensors/Benewake/benewake_tf.c:139:13:TF_Init_I2C_Async	24	static
../Core/Src/Sensors/Benewake/benewake_tf.c:171:6:TF_RegisterCallback	24	static
../Core/Src/Sensors/Benewake/benewake_tf.c:181:6:TF_UART_RxCpltCallback	24	static
../Core/Src/Sensors/Benewake/benewake_tf.c:198:13:TF_I2C_TxCpltCallback	24	static
../Core/Src/Sensors/Benewake/benewake_tf.c:228:6:TF_I2C_RxCpltCallback	16	static
../Core/Src/Sensors/Benewake/benewake_tf.c:242:6:TF_I2C_ErrorCallback	16	static
../Core/Src/Sensors/Benewake/benewake_tf.c:253:13:TF_ReadData	104	static
../Core/Src/Sensors/Benewake/benewake_tf.c:406:13:TF_ReadDataBlocking	32	static
../Core/Src/Sensors/Benewake/benewake_tf.c:424:13:TF_GetVersion	48	static
../Core/Src/Sensors/Benewake/benewake_tf.c:444:13:TF_SetFrameRate	48	static
../Core/Src/Sensors/Benewake/benewake_tf.c:468:13:TF_SetUnit	40	static
../Core/Src/Sensors/Benewake/benewake_tf.c:491:13:TF_SetChecksumEnable	40	static
../Core/Src/Sensors/Benewake/benewake_tf.c:522:13:TF_SetOutputEnable	48	static
../Core/Src/Sensors/Benewake/benewake_tf.c:544:13:TF_TriggerOnce	24	static
../Core/Src/Sensors/Benewake/benewake_tf.c:557:13:TF_SetIOMode	96	static
../Core/Src/Sensors/Benewake/benewake_tf.c:624:13:TF_SetBaudRate	48	static
../Core/Src/Sensors/Benewake/benewake_tf.c:644:13:TF_SetDistRange	56	static
../Core/Src/Sensors/Benewake/benewake_tf.c:677:13:TF_SetI2CAddress	40	static
../Core/Src/Sensors/Benewake/benewake_tf.c:704:13:TF_SaveSettings	48	static
../Core/Src/Sensors/Benewake/benewake_tf.c:722:13:TF_RestoreDefaults	48	static
../Core/Src/Sensors/Benewake/benewake_tf.c:741:13:TF_SetInterface	40	static
../Core/Src/Sensors/Benewake/benewake_tf.c:774:13:TF_SoftReset	40	static
../Core/Src/Sensors/Benewake/benewake_tf.c:790:13:TF_StatusStr	16	static
../Core/Src/Sensors/Benewake/benewake_tf.c:805:13:TF_SensorName	16	static
../Core/Src/Sensors/Benewake/benewake_tf.c:814:6:TF_Bus_Register	24	static
../Core/Src/Sensors/Benewake/benewake_tf.c:824:6:TF_Bus_Tick	24	static
../Core/Src/Sensors/Benewake/benewake_tf.c:855:6:TF_Bus_TxCpltCallback	16	static
../Core/Src/Sensors/Benewake/benewake_tf.c:863:6:TF_Bus_RxCpltCallback	16	static
../Core/Src/Sensors/Benewake/benewake_tf.c:873:6:TF_Bus_ErrorCallback	16	static
../Core/Src/Sensors/Benewake/benewake_tf.c:889:16:calc_checksum	24	static
../Core/Src/Sensors/Benewake/benewake_tf.c:910:20:parse_data_frame	40	static
../Core/Src/Sensors/Benewake/benewake_tf.c:959:20:uart_send_cmd	40	static
../Core/Src/Sensors/Benewake/benewake_tf.c:1014:20:i2c_kick_tx	24	static
../Core/Src/Sensors/Benewake/benewake_tf.c:1053:20:i2c_write_regs	72	static
../Core/Src/Sensors/Benewake/benewake_tf.c:1092:20:i2c_read_regs	40	static
../Core/Src/Sensors/Benewake/benewake_tf.c:1115:13:ring_buf_get	16	static
../Core/Src/Sensors/Benewake/benewake_tf.c:1126:17:ring_buf_available	16	static
