../Core/Src/Platform/callbacks.c:37:6:HAL_TIM_PeriodElapsedCallback	16	static
../Core/Src/Platform/callbacks.c:72:6:HAL_TIM_IC_CaptureCallback	16	static
../Core/Src/Platform/callbacks.c:94:6:HAL_TIM_TriggerCallback	16	static
../Core/Src/Platform/callbacks.c:104:6:HAL_TIM_ErrorCallback	16	static
../Core/Src/Platform/callbacks.c:117:6:HAL_UART_RxCpltCallback	16	static
../Core/Src/Platform/callbacks.c:161:6:HAL_UART_TxCpltCallback	16	static
../Core/Src/Platform/callbacks.c:171:6:HAL_ADC_ConvCpltCallback	16	static
../Core/Src/Platform/callbacks.c:188:6:HAL_ADC_ErrorCallback	16	static
../Core/Src/Platform/callbacks.c:208:6:HAL_I2C_MasterTxCpltCallback	16	static
../Core/Src/Platform/callbacks.c:216:6:HAL_I2C_MasterRxCpltCallback	16	static
../Core/Src/Platform/callbacks.c:226:6:HAL_I2C_SlaveTxCpltCallback	16	static
../Core/Src/Platform/callbacks.c:236:6:HAL_I2C_SlaveRxCpltCallback	16	static
../Core/Src/Platform/callbacks.c:246:6:HAL_I2C_MemTxCpltCallback	16	static
../Core/Src/Platform/callbacks.c:257:6:HAL_I2C_MemRxCpltCallback	16	static
../Core/Src/Platform/callbacks.c:268:6:HAL_I2C_ErrorCallback	16	static
../Core/Src/Platform/callbacks.c:279:6:HAL_FDCAN_RxFifo0Callback	56	static
../Core/Src/Platform/callbacks.c:465:6:HAL_FDCAN_RxFifo1Callback	32	static
../Core/Src/Platform/callbacks.c:612:6:HAL_FDCAN_ErrorStatusCallback	16	static
../Core/Src/Platform/callbacks.c:629:6:HAL_GPIO_EXTI_Callback	16	static
../Core/Src/Platform/callbacks.c:711:6:HAL_SPI_RxCpltCallback	16	static
../Core/Src/Platform/callbacks.c:722:6:HAL_SPI_ErrorCallback	16	static
