../Core/Src/Platform/H7_IT.c:70:6:NMI_Handler	4	static
../Core/Src/Platform/H7_IT.c:85:6:HardFault_Handler	4	static
../Core/Src/Platform/H7_IT.c:100:6:MemManage_Handler	4	static
../Core/Src/Platform/H7_IT.c:115:6:BusFault_Handler	4	static
../Core/Src/Platform/H7_IT.c:130:6:UsageFault_Handler	4	static
../Core/Src/Platform/H7_IT.c:145:6:DebugMon_Handler	4	static
../Core/Src/Platform/H7_IT.c:165:6:DMA1_Stream0_IRQHandler	8	static
../Core/Src/Platform/H7_IT.c:179:6:DMA1_Stream1_IRQHandler	8	static
../Core/Src/Platform/H7_IT.c:193:6:DMA1_Stream2_IRQHandler	8	static
../Core/Src/Platform/H7_IT.c:207:6:DMA1_Stream3_IRQHandler	8	static
../Core/Src/Platform/H7_IT.c:221:6:DMA1_Stream4_IRQHandler	8	static
../Core/Src/Platform/H7_IT.c:235:6:DMA1_Stream5_IRQHandler	8	static
../Core/Src/Platform/H7_IT.c:249:6:DMA1_Stream6_IRQHandler	8	static
../Core/Src/Platform/H7_IT.c:263:6:FDCAN1_IT0_IRQHandler	8	static
../Core/Src/Platform/H7_IT.c:277:6:FDCAN2_IT0_IRQHandler	8	static
../Core/Src/Platform/H7_IT.c:291:6:FDCAN1_IT1_IRQHandler	8	static
../Core/Src/Platform/H7_IT.c:305:6:FDCAN2_IT1_IRQHandler	8	static
../Core/Src/Platform/H7_IT.c:319:6:TIM1_BRK_IRQHandler	8	static
../Core/Src/Platform/H7_IT.c:333:6:TIM1_UP_IRQHandler	8	static
../Core/Src/Platform/H7_IT.c:347:6:TIM1_TRG_COM_IRQHandler	8	static
../Core/Src/Platform/H7_IT.c:361:6:TIM1_CC_IRQHandler	8	static
../Core/Src/Platform/H7_IT.c:375:6:TIM2_IRQHandler	8	static
../Core/Src/Platform/H7_IT.c:389:6:TIM3_IRQHandler	8	static
../Core/Src/Platform/H7_IT.c:403:6:TIM4_IRQHandler	8	static
../Core/Src/Platform/H7_IT.c:417:6:I2C1_EV_IRQHandler	8	static
../Core/Src/Platform/H7_IT.c:431:6:I2C1_ER_IRQHandler	8	static
../Core/Src/Platform/H7_IT.c:445:6:SPI2_IRQHandler	8	static
../Core/Src/Platform/H7_IT.c:456:6:DMA2_Stream5_IRQHandler	8	static
../Core/Src/Platform/H7_IT.c:462:6:DMA2_Stream4_IRQHandler	8	static
../Core/Src/Platform/H7_IT.c:466:6:EXTI0_IRQHandler	8	static
../Core/Src/Platform/H7_IT.c:469:6:EXTI1_IRQHandler	8	static
../Core/Src/Platform/H7_IT.c:473:6:EXTI2_IRQHandler	8	static
../Core/Src/Platform/H7_IT.c:477:6:EXTI3_IRQHandler	8	static
../Core/Src/Platform/H7_IT.c:481:6:EXTI4_IRQHandler	8	static
../Core/Src/Platform/H7_IT.c:485:6:EXTI9_5_IRQHandler	8	static
../Core/Src/Platform/H7_IT.c:515:6:EXTI15_10_IRQHandler	8	static
../Core/Src/Platform/H7_IT.c:551:6:TIM8_BRK_TIM12_IRQHandler	8	static
../Core/Src/Platform/H7_IT.c:566:6:TIM8_UP_TIM13_IRQHandler	8	static
../Core/Src/Platform/H7_IT.c:581:6:TIM8_TRG_COM_TIM14_IRQHandler	8	static
../Core/Src/Platform/H7_IT.c:596:6:TIM8_CC_IRQHandler	8	static
../Core/Src/Platform/H7_IT.c:610:6:DMA1_Stream7_IRQHandler	8	static
../Core/Src/Platform/H7_IT.c:624:6:TIM5_IRQHandler	8	static
../Core/Src/Platform/H7_IT.c:638:6:UART4_IRQHandler	8	static
../Core/Src/Platform/H7_IT.c:652:6:UART5_IRQHandler	8	static
../Core/Src/Platform/H7_IT.c:666:6:TIM6_DAC_IRQHandler	8	static
../Core/Src/Platform/H7_IT.c:682:6:DMA2_Stream0_IRQHandler	8	static
../Core/Src/Platform/H7_IT.c:696:6:DMA2_Stream1_IRQHandler	8	static
../Core/Src/Platform/H7_IT.c:710:6:DMA2_Stream2_IRQHandler	8	static
../Core/Src/Platform/H7_IT.c:724:6:DMA2_Stream3_IRQHandler	8	static
../Core/Src/Platform/H7_IT.c:738:6:ETH_IRQHandler	8	static
../Core/Src/Platform/H7_IT.c:752:6:ETH_WKUP_IRQHandler	8	static
../Core/Src/Platform/H7_IT.c:766:6:FDCAN_CAL_IRQHandler	8	static
../Core/Src/Platform/H7_IT.c:781:6:UART7_IRQHandler	8	static
../Core/Src/Platform/H7_IT.c:795:6:TIM15_IRQHandler	8	static
../Core/Src/Platform/H7_IT.c:809:6:TIM16_IRQHandler	8	static
../Core/Src/Platform/H7_IT.c:823:6:TIM17_IRQHandler	8	static
../Core/Src/Platform/H7_IT.c:837:6:UART9_IRQHandler	8	static
../Core/Src/Platform/H7_IT.c:851:6:I2C5_EV_IRQHandler	8	static
../Core/Src/Platform/H7_IT.c:865:6:I2C5_ER_IRQHandler	8	static
../Core/Src/Platform/H7_IT.c:879:6:FDCAN3_IT0_IRQHandler	8	static
../Core/Src/Platform/H7_IT.c:893:6:FDCAN3_IT1_IRQHandler	8	static
../Core/Src/Platform/H7_IT.c:907:6:TIM23_IRQHandler	8	static
../Core/Src/Platform/H7_IT.c:921:6:TIM24_IRQHandler	8	static
