../Core/Src/Actuators/J60/J60.c:17:17:float_to_uint	32	static
../Core/Src/Actuators/J60/J60.c:24:14:uint_to_float	32	static
../Core/Src/Actuators/J60/J60.c:29:19:J60_SendCommand	32	static
../Core/Src/Actuators/J60/J60.c:43:19:J60_SetConfig16	40	static
../Core/Src/Actuators/J60/J60.c:57:6:J60_Init	24	static
../Core/Src/Actuators/J60/J60.c:66:19:J60_SetMotion	56	static
../Core/Src/Actuators/J60/J60.c:88:6:J60_ParseFeedback	40	static
../Core/Src/Actuators/J60/J60.c:104:19:J60_Enable	16	static
../Core/Src/Actuators/J60/J60.c:108:19:J60_Disable	16	static
../Core/Src/Actuators/J60/J60.c:112:19:J60_SetHome	16	static
../Core/Src/Actuators/J60/J60.c:116:19:J60_Calibrate	16	static
../Core/Src/Actuators/J60/J60.c:120:19:J60_Reset	16	static
../Core/Src/Actuators/J60/J60.c:124:19:J60_ClearErrors	16	static
../Core/Src/Actuators/J60/J60.c:128:19:J60_SaveToFlash	16	static
../Core/Src/Actuators/J60/J60.c:132:19:J60_SetID	24	static
../Core/Src/Actuators/J60/J60.c:140:19:J60_SetGearRatio	16	static
../Core/Src/Actuators/J60/J60.c:144:19:J60_SetBandwidth	16	static
../Core/Src/Actuators/J60/J60.c:148:19:J60_SetTimeout	24	static
../Core/Src/Actuators/J60/J60.c:154:19:J60_SetCurrentLimit	16	static
../Core/Src/Actuators/J60/J60.c:158:19:J60_SetOverVoltage	16	static
../Core/Src/Actuators/J60/J60.c:162:19:J60_SetUnderVoltage	16	static
../Core/Src/Actuators/J60/J60.c:166:19:J60_SetMaxMotorTemp	16	static
